// Jest Snapshot v1, https://goo.gl/fbAQLP

exports[`Button renders correctly when given icon diabled and text props 1`] = `
<styled.button
  disabled={true}
  icon="dots-h"
  text="Test Text"
  theme={
    Object {
      "backgroundDanger": "#ED524C",
      "backgroundDangerDisabled": "#E6E7E8",
      "backgroundInput": "#FFFFFF",
      "backgroundPrimary": "#50A5E7",
      "backgroundPrimaryDisabled": "#E6E7E8",
      "backgroundSecondary": "#FFFFFF",
      "backgroundSecondaryDisabled": "#FFFFFF",
      "backgroundSecondaryHover": "#FFFFFF",
      "borderInput": "#E6E7E8",
      "borderInputFocus": "#50A5E7",
      "borderInputInvalid": "#ED524C",
      "borderSecondary": "#8B9193",
      "borderSecondaryDisabled": "#E6E7E8",
      "borderSecondaryHover": "#50A5E7",
      "textBody": "#3F484B",
      "textDanger": "#FFFFFF",
      "textDangerDisabled": "#CDD0D2",
      "textDangerHover": "#FFFFFF",
      "textHeading": "#3F484B",
      "textIcon": "#FFFFFF",
      "textIconInvert": "#222729",
      "textInput": "#3F484B",
      "textInputFocus": "#8B9193",
      "textInputInvalid": "#E92720",
      "textInputPlaceholder": "#8B9193",
      "textPrimary": "#3F484B",
      "textPrimaryDisabled": "#8B9193",
      "textPrimaryHover": "#FFFFFF",
      "textPrimaryInvert": "#FFFFFF",
      "textSecondary": "#3F484B",
      "textSecondaryDisabled": "#CDD0D2",
      "textSecondaryHover": "#FFFFFF",
      "textSubtitle": "#8B9193",
    }
  }
>
  <div
    className="svgContainer"
  >
    <SVGIcon
      invert={true}
      name="dots-h"
      theme={
        Object {
          "backgroundDanger": "#ED524C",
          "backgroundDangerDisabled": "#E6E7E8",
          "backgroundInput": "#FFFFFF",
          "backgroundPrimary": "#50A5E7",
          "backgroundPrimaryDisabled": "#E6E7E8",
          "backgroundSecondary": "#FFFFFF",
          "backgroundSecondaryDisabled": "#FFFFFF",
          "backgroundSecondaryHover": "#FFFFFF",
          "textBody": "#3F484B",
          "textDanger": "#FFFFFF",
          "textDangerDisabled": "#CDD0D2",
          "textDangerHover": "#FFFFFF",
          "textHeading": "#3F484B",
          "textIcon": "#FFFFFF",
          "textIconInvert": "#222729",
          "textInput": "#3F484B",
          "textInputFocus": "#8B9193",
          "textInputInvalid": "#E92720",
          "textInputPlaceholder": "#8B9193",
          "textPrimary": "#3F484B",
          "textPrimaryDisabled": "#8B9193",
          "textPrimaryHover": "#FFFFFF",
          "textPrimaryInvert": "#FFFFFF",
          "textSecondary": "#3F484B",
          "textSecondaryDisabled": "#CDD0D2",
          "textSecondaryHover": "#FFFFFF",
          "textSubtitle": "#8B9193",
        }
      }
    />
  </div>
  Test Text
</styled.button>
`;
