// Jest Snapshot v1, https://goo.gl/fbAQLP

exports[`wz-input-file renders value 1`] = `
<wz-input-file
  class="hydrated"
>
  
  <input
    class="inputfile"
    id="file"
    name="file"
    type="file"
  />
  <label
    for="file"
  >
    <wz-button>
      Choose a file
    </wz-button>
    <span>
      
    </span>
  </label>
</wz-input-file>
`;
